System started
Error: disk not found
Connection successful
ERROR: timeout occurred
User logged in
error: invalid input
